// Jest Snapshot v1, https://goo.gl/fbAQLP

exports[`<App /> renders correctly 1`] = `
<View
  style={
    Object {
      "alignItems": "center",
      "backgroundColor": "#fff",
      "flex": 1,
      "justifyContent": "center",
    }
  }
>
  <Text
    style={
      Object {
        "fontWeight": "bold",
      }
    }
  >
    Add Item
  </Text>
  <Text>
    Item Name:
  </Text>
  <TextInput
    allowFontScaling={true}
    onChange={[Function]}
    rejectResponderTermination={true}
    style={
      Object {
        "borderColor": "gray",
        "borderWidth": 1,
        "height": 20,
      }
    }
    underlineColorAndroid="transparent"
    value=""
  />
  <Text>
    Price Per Unit:
  </Text>
  <TextInput
    allowFontScaling={true}
    onChange={[Function]}
    rejectResponderTermination={true}
    style={
      Object {
        "borderColor": "gray",
        "borderWidth": 1,
        "height": 20,
      }
    }
    underlineColorAndroid="transparent"
    value=""
  />
  <Text>
    Quantity:
  </Text>
  <TextInput
    allowFontScaling={true}
    onChange={[Function]}
    rejectResponderTermination={true}
    style={
      Object {
        "borderColor": "gray",
        "borderWidth": 1,
        "height": 20,
      }
    }
    underlineColorAndroid="transparent"
    value=""
  />
  <View
    accessibilityRole="button"
    accessibilityState={Object {}}
    accessible={true}
    focusable={true}
    onClick={[Function]}
    onResponderGrant={[Function]}
    onResponderMove={[Function]}
    onResponderRelease={[Function]}
    onResponderTerminate={[Function]}
    onResponderTerminationRequest={[Function]}
    onStartShouldSetResponder={[Function]}
    style={
      Object {
        "opacity": 1,
      }
    }
  >
    <View
      style={
        Array [
          Object {},
        ]
      }
    >
      <Text
        style={
          Array [
            Object {
              "color": "#007AFF",
              "fontSize": 18,
              "margin": 8,
              "textAlign": "center",
            },
          ]
        }
      >
        Add
      </Text>
    </View>
  </View>
  <View
    style={
      Object {
        "height": 10,
      }
    }
  />
  <Text
    style={
      Object {
        "fontWeight": "bold",
      }
    }
  >
    Apply Tax Percentage: 
  </Text>
  <TextInput
    allowFontScaling={true}
    onChange={[Function]}
    rejectResponderTermination={true}
    style={
      Object {
        "borderColor": "gray",
        "borderWidth": 1,
        "height": 20,
      }
    }
    underlineColorAndroid="transparent"
    value=""
  />
  <View
    accessibilityRole="button"
    accessibilityState={Object {}}
    accessible={true}
    focusable={true}
    onClick={[Function]}
    onResponderGrant={[Function]}
    onResponderMove={[Function]}
    onResponderRelease={[Function]}
    onResponderTerminate={[Function]}
    onResponderTerminationRequest={[Function]}
    onStartShouldSetResponder={[Function]}
    style={
      Object {
        "opacity": 1,
      }
    }
  >
    <View
      style={
        Array [
          Object {},
        ]
      }
    >
      <Text
        style={
          Array [
            Object {
              "color": "#007AFF",
              "fontSize": 18,
              "margin": 8,
              "textAlign": "center",
            },
          ]
        }
      >
        Apply 
      </Text>
    </View>
  </View>
  <View
    style={
      Object {
        "height": 10,
      }
    }
  />
  <Text
    style={
      Object {
        "fontWeight": "bold",
      }
    }
  >
    Apply Discount Percentage: 
  </Text>
  <TextInput
    allowFontScaling={true}
    onChange={[Function]}
    rejectResponderTermination={true}
    style={
      Object {
        "borderColor": "gray",
        "borderWidth": 1,
        "height": 20,
      }
    }
    underlineColorAndroid="transparent"
    value=""
  />
  <View
    accessibilityRole="button"
    accessibilityState={Object {}}
    accessible={true}
    focusable={true}
    onClick={[Function]}
    onResponderGrant={[Function]}
    onResponderMove={[Function]}
    onResponderRelease={[Function]}
    onResponderTerminate={[Function]}
    onResponderTerminationRequest={[Function]}
    onStartShouldSetResponder={[Function]}
    style={
      Object {
        "opacity": 1,
      }
    }
  >
    <View
      style={
        Array [
          Object {},
        ]
      }
    >
      <Text
        style={
          Array [
            Object {
              "color": "#007AFF",
              "fontSize": 18,
              "margin": 8,
              "textAlign": "center",
            },
          ]
        }
      >
        Apply
      </Text>
    </View>
  </View>
  <View
    style={
      Object {
        "height": 10,
      }
    }
  />
  <Text
    style={
      Object {
        "fontWeight": "bold",
      }
    }
  >
    All Items
  </Text>
  <View
    style={
      Object {
        "height": 10,
      }
    }
  />
  <Text>
    Subtotal: 
    0
     
  </Text>
  <Text>
    Currently applied tax percentage: 
    0
     
  </Text>
  <Text>
    Currently applied discount percentage: 
    0
     
  </Text>
  <Text
    style={
      Object {
        "fontWeight": "bold",
      }
    }
  >
    Total: 
    0
     
  </Text>
</View>
`;
